timestamp_start: 2026-06-06T17:35:53.9145302Z
timestamp_end: 2026-06-06T17:36:02.5404318Z
working_directory: C:\Users\mzcum\Documents\GUI-Shell
command: flutter doctor -v
exit_code: 0
--- output ---
[√] Flutter (Channel stable, 3.44.0, on Microsoft Windows [Version 10.0.26200.8524], locale ja-JP) [1,004ms]
    • Flutter version 3.44.0 on channel stable at C:\Users\mzcum\dev\flutter
    • Upstream repository https://github.com/flutter/flutter.git
    • Framework revision 559ffa3f75 (3 weeks ago), 2026-05-15 14:13:13 -0700
    • Engine revision 4c525dac5e
    • Dart version 3.12.0
    • DevTools version 2.57.0
    • Feature flags: enable-web, enable-linux-desktop, enable-macos-desktop, enable-windows-desktop, enable-android, enable-ios, cli-animations, enable-native-assets, enable-swift-package-manager, omit-legacy-version-file, enable-lldb-debugging, enable-uiscene-migration

[√] Windows Version (11 Home 64-bit, 25H2, 2009) [3.0s]

[X] Android toolchain - develop for Android devices [439ms]
    X Unable to locate Android SDK.
      Install Android Studio from: https://developer.android.com/studio/index.html
      On first launch it will assist you in installing the Android SDK components.
      (or visit https://flutter.dev/to/windows-android-setup for detailed instructions).
      If the Android SDK has been installed to a custom location, please use
      `flutter config --android-sdk` to update to that location.


[√] Chrome - develop for the web [386ms]
    • Chrome at C:\Program Files (x86)\Google\Chrome\Application\chrome.exe

[√] Visual Studio - develop Windows apps (Visual Studio Build Tools 2022 17.14.33 (May 2026)) [382ms]
    • Visual Studio at C:\Program Files (x86)\Microsoft Visual Studio\2022\BuildTools
    • Visual Studio Build Tools 2022 version 17.14.37314.3
    • Windows 10 SDK version 10.0.26100.0

[√] Connected device (3 available) [350ms]
    • Windows (desktop) • windows • windows-x64    • Microsoft Windows [Version 10.0.26200.8524]
    • Chrome (web)      • chrome  • web-javascript • Google Chrome 148.0.7778.218
    • Edge (web)        • edge    • web-javascript • Microsoft Edge 148.0.3967.96

[√] Network resources [531ms]
    • All expected network resources are available.

! Doctor found issues in 1 category.
