timestamp_start: 2026-06-06T17:35:28.2433180Z
timestamp_end: 2026-06-06T17:35:36.1532075Z
working_directory: C:\Users\mzcum\Documents\GUI-Shell
command: systeminfo
exit_code: 0
--- output ---

Host Name:                     LAPTOP-89BTKF4N
OS Name:                       Microsoft Windows 11 Home
OS Version:                    10.0.26200 N/A Build 26200
OS Manufacturer:               Microsoft Corporation
OS Configuration:              Standalone Workstation
OS Build Type:                 Multiprocessor Free
Registered Owner:              mzcum@outlook.jp
Registered Organization:       HP
Product ID:                    00325-81455-74833-AAOEM
Original Install Date:         2025/01/19, 8:00:18
System Boot Time:              2026/06/06, 12:19:43
System Manufacturer:           HP
System Model:                  HP Laptop 14s-dk0xxx
System Type:                   x64-based PC
Processor(s):                  1 Processor(s) Installed.
                               [01]: AMD64 Family 23 Model 24 Stepping 1 AuthenticAMD ~2100 Mhz
BIOS Version:                  AMI F.42, 2019/07/03
Windows Directory:             C:\WINDOWS
System Directory:              C:\WINDOWS\system32
Boot Device:                   \Device\HarddiskVolume1
System Locale:                 ja;Japanese
Input Locale:                  ja;Japanese
Time Zone:                     (UTC+09:00) Osaka, Sapporo, Tokyo
Total Physical Memory:         6,058 MB
Available Physical Memory:     869 MB
Virtual Memory: Max Size:      15,709 MB
Virtual Memory: Available:     2,825 MB
Virtual Memory: In Use:        12,884 MB
Page File Location(s):         C:\pagefile.sys
Domain:                        WORKGROUP
Logon Server:                  \\LAPTOP-89BTKF4N
Hotfix(s):                     4 Hotfix(s) Installed.
                               [01]: KB5092427
                               [02]: KB5054156
                               [03]: KB5089573
                               [04]: KB5092734
Network Card(s):               4 NIC(s) Installed.
                               [01]: TunnelBear Adapter V9
                                     Connection Name: イーサネット 2
                                     Status:          Media disconnected
                               [02]: Realtek PCIe GbE Family Controller
                                     Connection Name: イーサネット
                                     DHCP Enabled:    Yes
                                     DHCP Server:     192.168.179.1
                                     IP address(es)
                                     [01]: 192.168.179.50
                                     [02]: fe80::ab2d:5cba:3111:dcff
                                     [03]: 240b:c010:401:5fce:19f:2433:8dd6:fb5b
                                     [04]: 240b:c010:401:5fce:193f:cdf4:548:b5
                               [03]: Bluetooth Device (Personal Area Network)
                                     Connection Name: Bluetooth ネットワーク接続
                                     Status:          Media disconnected
                               [04]: Realtek RTL8821CE 802.11ac PCIe Adapter
                                     Connection Name: Wi-Fi
                                     Status:          Media disconnected
Virtualization-based security: Status: Running
                               Required Security Properties:
                               Available Security Properties:
                                     Base Virtualization Support
                                     Secure Boot
                                     DMA Protection
                                     UEFI Code Readonly
                                     SMM Security Mitigations 1.0
                               Services Configured:
                                     Hypervisor enforced Code Integrity
                               Services Running:
                                     Hypervisor enforced Code Integrity
                               App Control for Business policy: Enforced
                               App Control for Business user mode policy: Off
                               Security Features Enabled:
Hyper-V Requirements:          A hypervisor has been detected. Features required for Hyper-V will not be displayed.
