timestamp_start: 2026-06-06T17:35:49.3774572Z
timestamp_end: 2026-06-06T17:35:53.9045384Z
working_directory: C:\Users\mzcum\Documents\GUI-Shell
command: flutter config --list
exit_code: 0
--- output ---
All Settings:
  enable-web: (Not set)
  enable-linux-desktop: (Not set)
  enable-macos-desktop: (Not set)
  enable-windows-desktop: (Not set)
  enable-android: (Not set)
  enable-ios: (Not set)
  enable-fuchsia: (Not set) (Unavailable)
  enable-custom-devices: (Not set)
  cli-animations: (Not set)
  enable-native-assets: (Not set)
  enable-dart-data-assets: (Not set) (Unavailable)
  enable-swift-package-manager: (Not set)
  omit-legacy-version-file: (Not set)
  enable-windowing: (Not set) (Unavailable)
  enable-accessibility-evaluations: (Not set) (Unavailable)
  enable-lldb-debugging: (Not set)
  enable-uiscene-migration: (Not set)
  enable-riscv64: (Not set)
